0 verbose cli /usr/bin/node /usr/bin/npm
1 info using npm@12.0.2
2 info using node@v26.7.0
3 silly config load:file:/usr/lib/node_modules/npm/npmrc
4 silly config load:file:/home/tardis/Documents/Nexus AI/frontend/.npmrc
5 silly config load:file:/home/tardis/.npmrc
6 silly config load:file:/etc/npmrc
7 verbose title npm install
8 verbose argv "install" "--cache" "./npm_cache"
9 verbose logfile logs-max:10 dir:/home/tardis/Documents/Nexus AI/frontend/npm_cache/_logs/2026-08-31T21_03_19_940Z-
10 verbose logfile /home/tardis/Documents/Nexus AI/frontend/npm_cache/_logs/2026-08-31T21_03_19_940Z-debug-0.log
11 silly logfile done cleaning log files
12 silly packumentCache heap:4395630592 maxSize:1098907648 maxEntrySize:549453824
13 silly idealTree buildDeps
14 silly fetch manifest @angular/animations@^19.1.0
15 silly packumentCache full:https://registry.npmjs.org/@angular%2fanimations cache-miss
16 http fetch GET 200 https://registry.npmjs.org/npm 170ms
17 http fetch GET 200 https://registry.npmjs.org/@angular%2fanimations 174ms (cache miss)
18 silly packumentCache full:https://registry.npmjs.org/@angular%2fanimations set size:undefined disposed:false
19 silly fetch manifest @angular/common@^19.1.0
20 silly packumentCache full:https://registry.npmjs.org/@angular%2fcommon cache-miss
21 http fetch GET 200 https://registry.npmjs.org/@angular%2fcommon 108ms (cache miss)
22 silly packumentCache full:https://registry.npmjs.org/@angular%2fcommon set size:undefined disposed:false
23 silly fetch manifest @angular/core@^19.1.0
24 silly packumentCache full:https://registry.npmjs.org/@angular%2fcore cache-miss
25 http fetch GET 200 https://registry.npmjs.org/@angular%2fcore 109ms (cache miss)
26 silly packumentCache full:https://registry.npmjs.org/@angular%2fcore set size:undefined disposed:false
27 silly fetch manifest rxjs@~7.8.0
28 silly packumentCache full:https://registry.npmjs.org/rxjs cache-miss
29 http fetch GET 200 https://registry.npmjs.org/rxjs 46ms (cache miss)
30 silly packumentCache full:https://registry.npmjs.org/rxjs set size:undefined disposed:false
31 silly fetch manifest zone.js@~0.15.0
32 silly packumentCache full:https://registry.npmjs.org/zone.js cache-miss
33 http fetch GET 200 https://registry.npmjs.org/zone.js 47ms (cache miss)
34 silly packumentCache full:https://registry.npmjs.org/zone.js set size:undefined disposed:false
35 silly fetch manifest @angular/compiler@^19.1.0
36 silly packumentCache full:https://registry.npmjs.org/@angular%2fcompiler cache-miss
37 http fetch GET 200 https://registry.npmjs.org/@angular%2fcompiler 104ms (cache miss)
38 silly packumentCache full:https://registry.npmjs.org/@angular%2fcompiler set size:undefined disposed:false
39 silly fetch manifest @angular/forms@^19.1.0
40 silly packumentCache full:https://registry.npmjs.org/@angular%2fforms cache-miss
41 http fetch GET 200 https://registry.npmjs.org/@angular%2fforms 121ms (cache miss)
42 silly packumentCache full:https://registry.npmjs.org/@angular%2fforms set size:undefined disposed:false
43 silly fetch manifest @angular/platform-browser@^19.1.0
44 silly packumentCache full:https://registry.npmjs.org/@angular%2fplatform-browser cache-miss
45 http fetch GET 200 https://registry.npmjs.org/@angular%2fplatform-browser 106ms (cache miss)
46 silly packumentCache full:https://registry.npmjs.org/@angular%2fplatform-browser set size:undefined disposed:false
47 silly fetch manifest @angular/router@^19.1.0
48 silly packumentCache full:https://registry.npmjs.org/@angular%2frouter cache-miss
49 http fetch GET 200 https://registry.npmjs.org/@angular%2frouter 108ms (cache miss)
50 silly packumentCache full:https://registry.npmjs.org/@angular%2frouter set size:undefined disposed:false
51 silly fetch manifest tslib@^2.3.0
52 silly packumentCache full:https://registry.npmjs.org/tslib cache-miss
53 http fetch GET 200 https://registry.npmjs.org/tslib 27ms (cache miss)
54 silly packumentCache full:https://registry.npmjs.org/tslib set size:undefined disposed:false
55 silly fetch manifest typescript@~5.7.2
56 silly packumentCache full:https://registry.npmjs.org/typescript cache-miss
57 http fetch GET 200 https://registry.npmjs.org/typescript 258ms (cache miss)
58 silly packumentCache full:https://registry.npmjs.org/typescript set size:undefined disposed:false
59 silly placeDep ROOT @angular/animations@19.2.25 OK for: nexus-frontend@1.0.0 want: ^19.1.0
60 silly placeDep ROOT @angular/core@19.2.25 OK for: @angular/animations@19.2.25 want: 19.2.25
61 silly placeDep ROOT rxjs@7.8.2 OK for: @angular/core@19.2.25 want: ^6.5.3 || ^7.4.0
62 silly placeDep ROOT zone.js@0.15.1 OK for: @angular/core@19.2.25 want: ~0.15.0
63 silly placeDep ROOT @angular/common@19.2.25 OK for: @angular/animations@19.2.25 want: 19.2.25
64 silly placeDep ROOT @angular/compiler@19.2.25 OK for: nexus-frontend@1.0.0 want: ^19.1.0
65 silly placeDep ROOT @angular/forms@19.2.25 OK for: nexus-frontend@1.0.0 want: ^19.1.0
66 silly placeDep ROOT @angular/platform-browser@19.2.25 OK for: @angular/forms@19.2.25 want: 19.2.25
67 silly placeDep ROOT @angular/router@19.2.25 OK for: nexus-frontend@1.0.0 want: ^19.1.0
68 silly placeDep ROOT tslib@2.8.1 OK for: nexus-frontend@1.0.0 want: ^2.3.0
69 silly placeDep ROOT typescript@5.7.3 OK for: nexus-frontend@1.0.0 want: ~5.7.2
70 silly fetch manifest tslib@^2.1.0
71 silly packumentCache full:https://registry.npmjs.org/tslib cache-miss
72 http cache https://registry.npmjs.org/tslib 5ms (cache hit)
73 silly packumentCache full:https://registry.npmjs.org/tslib set size:108843 disposed:false
74 silly reify moves {}
75 silly audit bulk request {
75 silly audit   '@angular/animations': [ '19.2.25' ],
75 silly audit   '@angular/core': [ '19.2.25' ],
75 silly audit   rxjs: [ '7.8.2' ],
75 silly audit   'zone.js': [ '0.15.1' ],
75 silly audit   '@angular/common': [ '19.2.25' ],
75 silly audit   '@angular/compiler': [ '19.2.25' ],
75 silly audit   '@angular/forms': [ '19.2.25' ],
75 silly audit   '@angular/platform-browser': [ '19.2.25' ],
75 silly audit   '@angular/router': [ '19.2.25' ],
75 silly audit   tslib: [ '2.8.1' ],
75 silly audit   typescript: [ '5.7.3' ]
75 silly audit }
76 http cache typescript@https://registry.npmjs.org/typescript/-/typescript-5.7.3.tgz 0ms (cache hit)
77 http cache tslib@https://registry.npmjs.org/tslib/-/tslib-2.8.1.tgz 0ms (cache hit)
78 http cache @angular/router@https://registry.npmjs.org/@angular/router/-/router-19.2.25.tgz 0ms (cache hit)
79 http cache @angular/platform-browser@https://registry.npmjs.org/@angular/platform-browser/-/platform-browser-19.2.25.tgz 0ms (cache hit)
80 http cache @angular/forms@https://registry.npmjs.org/@angular/forms/-/forms-19.2.25.tgz 0ms (cache hit)
81 http cache @angular/common@https://registry.npmjs.org/@angular/common/-/common-19.2.25.tgz 0ms (cache hit)
82 http cache zone.js@https://registry.npmjs.org/zone.js/-/zone.js-0.15.1.tgz 0ms (cache hit)
83 http cache rxjs@https://registry.npmjs.org/rxjs/-/rxjs-7.8.2.tgz 0ms (cache hit)
84 http cache @angular/core@https://registry.npmjs.org/@angular/core/-/core-19.2.25.tgz 0ms (cache hit)
85 http cache @angular/animations@https://registry.npmjs.org/@angular/animations/-/animations-19.2.25.tgz 0ms (cache hit)
86 http cache @angular/compiler@https://registry.npmjs.org/@angular/compiler/-/compiler-19.2.25.tgz 0ms (cache hit)
87 silly tarball no local data for typescript@https://registry.npmjs.org/typescript/-/typescript-5.7.3.tgz. Extracting by manifest.
88 silly tarball no local data for tslib@https://registry.npmjs.org/tslib/-/tslib-2.8.1.tgz. Extracting by manifest.
89 silly tarball no local data for @angular/router@https://registry.npmjs.org/@angular/router/-/router-19.2.25.tgz. Extracting by manifest.
90 silly tarball no local data for @angular/platform-browser@https://registry.npmjs.org/@angular/platform-browser/-/platform-browser-19.2.25.tgz. Extracting by manifest.
91 silly tarball no local data for @angular/forms@https://registry.npmjs.org/@angular/forms/-/forms-19.2.25.tgz. Extracting by manifest.
92 silly tarball no local data for @angular/common@https://registry.npmjs.org/@angular/common/-/common-19.2.25.tgz. Extracting by manifest.
93 silly tarball no local data for zone.js@https://registry.npmjs.org/zone.js/-/zone.js-0.15.1.tgz. Extracting by manifest.
94 silly tarball no local data for rxjs@https://registry.npmjs.org/rxjs/-/rxjs-7.8.2.tgz. Extracting by manifest.
95 silly tarball no local data for @angular/core@https://registry.npmjs.org/@angular/core/-/core-19.2.25.tgz. Extracting by manifest.
96 silly tarball no local data for @angular/animations@https://registry.npmjs.org/@angular/animations/-/animations-19.2.25.tgz. Extracting by manifest.
97 silly tarball no local data for @angular/compiler@https://registry.npmjs.org/@angular/compiler/-/compiler-19.2.25.tgz. Extracting by manifest.
98 http fetch GET 200 https://registry.npmjs.org/tslib/-/tslib-2.8.1.tgz 94ms (cache miss)
99 http fetch POST 200 https://registry.npmjs.org/-/npm/v1/security/advisories/bulk 111ms
100 silly audit report {
100 silly audit report   '@angular/core': [
100 silly audit report     {
100 silly audit report       id: 1130693,
100 silly audit report       url: 'https://github.com/advisories/GHSA-jj27-h5hq-8x99',
100 silly audit report       title: 'Angular i18n: Cross-Site Scripting (XSS) via event-handler attributes',
100 silly audit report       severity: 'high',
100 silly audit report       vulnerable_versions: '<=19.2.25',
100 silly audit report       cwe: [Array],
100 silly audit report       cvss: [Object]
100 silly audit report     },
100 silly audit report     {
100 silly audit report       id: 1123560,
100 silly audit report       url: 'https://github.com/advisories/GHSA-rgjc-h3x7-9mwg',
100 silly audit report       title: 'Angular Client Hydration DOM Clobbering & Response-Cache Poisoning',
100 silly audit report       severity: 'high',
100 silly audit report       vulnerable_versions: '<=19.2.25',
100 silly audit report       cwe: [Array],
100 silly audit report       cvss: [Object]
100 silly audit report     }
100 silly audit report   ],
100 silly audit report   '@angular/common': [
100 silly audit report     {
100 silly audit report       id: 1130677,
100 silly audit report       url: 'https://github.com/advisories/GHSA-jhpw-976m-542j',
100 silly audit report       title: 'Angular: Cache-Key Ambiguity in HttpTransferCache Leading to Cross-Request Response Reuse and State Poisoning',
100 silly audit report       severity: 'high',
100 silly audit report       vulnerable_versions: '<=19.2.25',
100 silly audit report       cwe: [Array],
100 silly audit report       cvss: [Object]
100 silly audit report     },
100 silly audit report     {
100 silly audit report       id: 1123497,
100 silly audit report       url: 'https://github.com/advisories/GHSA-48r7-hpm6-gfxm',
100 silly audit report       title: '@angular/common: Denial of Service (DoS) via OOM in Date Formatting (formatDate)',
100 silly audit report       severity: 'high',
100 silly audit report       vulnerable_versions: '<=19.2.25',
100 silly audit report       cwe: [Array],
100 silly audit report       cvss: [Object]
100 silly audit report     },
100 silly audit report     {
100 silly audit report       id: 1123501,
100 silly audit report       url: 'https://github.com/advisories/GHSA-39pv-4j6c-2g6v',
100 silly audit report       title: '@angular/common: Weak 32-Bit Cache Key Hashing in `HttpTransferCache` Leading to Cross-Request Data Leakage and State Poisoning',
100 silly audit report       severity: 'high',
100 silly audit report       vulnerable_versions: '<=19.2.25',
100 silly audit report       cwe: [Array],
100 silly audit report       cvss: [Object]
100 silly audit report     }
100 silly audit report   ],
100 silly audit report   '@angular/compiler': [
100 silly audit report     {
100 silly audit report       id: 1130697,
100 silly audit report       url: 'https://github.com/advisories/GHSA-jj27-h5hq-8x99',
100 silly audit report       title: 'Angular i18n: Cross-Site Scripting (XSS) via event-handler attributes',
100 silly audit report       severity: 'high',
100 silly audit report       vulnerable_versions: '<=19.2.25',
100 silly audit report       cwe: [Array],
100 silly audit report       cvss: [Object]
100 silly audit report     },
100 silly audit report     {
100 silly audit report       id: 1123505,
100 silly audit report       url: 'https://github.com/advisories/GHSA-58w9-8g37-x9v5',
100 silly audit report       title: '@angular/compiler: Two-Way Property Binding Sanitization Bypass (XSS)',
100 silly audit report       severity: 'moderate',
100 silly audit report       vulnerable_versions: '<=19.2.25',
100 silly audit report       cwe: [Array],
100 silly audit report       cvss: [Object]
100 silly audit report     }
100 silly audit report   ]
100 silly audit report }
101 silly packumentCache corgi:https://registry.npmjs.org/@angular%2fcore cache-miss
102 silly packumentCache corgi:https://registry.npmjs.org/@angular%2fcommon cache-miss
103 silly packumentCache corgi:https://registry.npmjs.org/@angular%2fcompiler cache-miss
104 http fetch GET 200 https://registry.npmjs.org/zone.js/-/zone.js-0.15.1.tgz 201ms (cache miss)
105 http fetch GET 200 https://registry.npmjs.org/@angular%2fcompiler 156ms (cache miss)
106 silly packumentCache corgi:https://registry.npmjs.org/@angular%2fcompiler set size:undefined disposed:false
107 http fetch GET 200 https://registry.npmjs.org/@angular%2fcommon 259ms (cache miss)
108 silly packumentCache corgi:https://registry.npmjs.org/@angular%2fcommon set size:undefined disposed:false
109 http fetch GET 200 https://registry.npmjs.org/@angular/forms/-/forms-19.2.25.tgz 444ms (cache miss)
110 http fetch GET 200 https://registry.npmjs.org/@angular%2fcore 355ms (cache miss)
111 silly packumentCache corgi:https://registry.npmjs.org/@angular%2fcore set size:undefined disposed:false
112 http fetch GET 200 https://registry.npmjs.org/@angular/platform-browser/-/platform-browser-19.2.25.tgz 501ms (cache miss)
113 http fetch GET 200 https://registry.npmjs.org/@angular/router/-/router-19.2.25.tgz 503ms (cache miss)
114 http fetch GET 200 https://registry.npmjs.org/@angular/animations/-/animations-19.2.25.tgz 506ms (cache miss)
115 silly packumentCache corgi:https://registry.npmjs.org/@angular%2fanimations cache-miss
116 silly packumentCache corgi:https://registry.npmjs.org/@angular%2fforms cache-miss
117 silly packumentCache corgi:https://registry.npmjs.org/@angular%2fplatform-browser cache-miss
118 silly packumentCache corgi:https://registry.npmjs.org/@angular%2frouter cache-miss
119 http fetch GET 200 https://registry.npmjs.org/@angular/compiler/-/compiler-19.2.25.tgz 1304ms (cache miss)
120 http fetch GET 200 https://registry.npmjs.org/@angular%2frouter 854ms (cache miss)
121 silly packumentCache corgi:https://registry.npmjs.org/@angular%2frouter set size:undefined disposed:false
122 http fetch GET 200 https://registry.npmjs.org/@angular%2fforms 897ms (cache miss)
123 silly packumentCache corgi:https://registry.npmjs.org/@angular%2fforms set size:undefined disposed:false
124 http fetch GET 200 https://registry.npmjs.org/typescript/-/typescript-5.7.3.tgz 1490ms (cache miss)
125 http fetch GET 200 https://registry.npmjs.org/@angular%2fanimations 976ms (cache miss)
126 silly packumentCache corgi:https://registry.npmjs.org/@angular%2fanimations set size:undefined disposed:false
127 http fetch GET 200 https://registry.npmjs.org/@angular%2fplatform-browser 1011ms (cache miss)
128 silly packumentCache corgi:https://registry.npmjs.org/@angular%2fplatform-browser set size:undefined disposed:false
129 http fetch GET 200 https://registry.npmjs.org/@angular/core/-/core-19.2.25.tgz 3124ms (cache miss)
130 http fetch GET 200 https://registry.npmjs.org/@angular/common/-/common-19.2.25.tgz 4505ms (cache miss)
131 http fetch GET 200 https://registry.npmjs.org/rxjs/-/rxjs-7.8.2.tgz 4527ms (cache miss)
132 silly ADD node_modules/typescript
133 silly ADD node_modules/tslib
134 silly ADD node_modules/@angular/router
135 silly ADD node_modules/@angular/platform-browser
136 silly ADD node_modules/@angular/forms
137 silly ADD node_modules/@angular/compiler
138 silly ADD node_modules/@angular/common
139 silly ADD node_modules/zone.js
140 silly ADD node_modules/rxjs
141 silly ADD node_modules/@angular/core
142 silly ADD node_modules/@angular/animations
143 verbose cwd /home/tardis/Documents/Nexus AI/frontend
144 verbose os Linux 6.18.42-1-cachyos-lts
145 verbose node v26.7.0
146 verbose npm  v12.0.2
147 verbose exit 0
148 info ok
